2026-08-08 09:57:52,515 [INFO] elou_avt.digital_twin: DigitalTwin initialized. Config: dt=1.00, seed=42
2026-08-08 09:57:52,515 INFO elou_avt.digital_twin: DigitalTwin initialized. Config: dt=1.00, seed=42
2026-08-08 09:57:52,526 [INFO] elou_avt.digital_twin: Simulation created.
2026-08-08 09:57:52,526 INFO elou_avt.digital_twin: Simulation created.
2026-08-08 09:57:52,527 [INFO] elou_avt.digital_twin: Scenario loaded: NORMAL_OPERATION — Нормальная работа (Rigorous)
2026-08-08 09:57:52,527 INFO elou_avt.digital_twin: Scenario loaded: NORMAL_OPERATION — Нормальная работа (Rigorous)
2026-08-08 09:57:52,527 [INFO] elou_avt.digital_twin: Simulation started.
2026-08-08 09:57:52,527 INFO elou_avt.digital_twin: Simulation started.
2026-08-08 09:57:52,532 [INFO] elou_avt.engine: Scheme updated: 68 nodes, 80 edges.
2026-08-08 09:57:52,532 INFO elou_avt.engine: Scheme updated: 68 nodes, 80 edges.
2026-08-08 09:57:52,639 [INFO] elou_avt.digital_twin: DigitalTwin initialized. Config: dt=1.00, seed=42
2026-08-08 09:57:52,639 INFO elou_avt.digital_twin: DigitalTwin initialized. Config: dt=1.00, seed=42
2026-08-08 09:57:52,652 [INFO] elou_avt.digital_twin: Simulation created.
2026-08-08 09:57:52,652 INFO elou_avt.digital_twin: Simulation created.
2026-08-08 09:57:52,653 [INFO] elou_avt.digital_twin: Scenario loaded: NORMAL_OPERATION — Нормальная работа (Rigorous)
2026-08-08 09:57:52,653 INFO elou_avt.digital_twin: Scenario loaded: NORMAL_OPERATION — Нормальная работа (Rigorous)
2026-08-08 09:57:52,653 [INFO] elou_avt.digital_twin: Simulation started.
2026-08-08 09:57:52,653 INFO elou_avt.digital_twin: Simulation started.
2026-08-08 09:57:52,658 [INFO] elou_avt.engine: Scheme updated: 68 nodes, 80 edges.
2026-08-08 09:57:52,658 INFO elou_avt.engine: Scheme updated: 68 nodes, 80 edges.
INFO:     Started server process [23264]
INFO:     Waiting for application startup.
INFO:     Application startup complete.
INFO:     Uvicorn running on http://127.0.0.1:8000 (Press CTRL+C to quit)
INFO:     127.0.0.1:54138 - "WebSocket /ws/simulation?token=eyJzdWIiOiJhZG1pbiIsImlhdCI6MTc4NjE2MzY2MiwiZXhwIjoxNzg2MTkyNDYyfQ.14bed2645a16fd6d3705039cd2a69c1507ef7a7c892b835323df36c8a5b8344b" [accepted]
INFO:     connection open
INFO:     127.0.0.1:54140 - "WebSocket /ws/simulation?token=eyJzdWIiOiJhZG1pbiIsImlhdCI6MTc4NjE2MzY2MiwiZXhwIjoxNzg2MTkyNDYyfQ.14bed2645a16fd6d3705039cd2a69c1507ef7a7c892b835323df36c8a5b8344b" [accepted]
INFO:     connection open
2026-08-08 09:58:03,636 [INFO] elou_avt.scheme: Scheme saved to D:\itcamp_git\it camp\elou_avt_twin\schemes\default.json (8 nodes, 6 edges).
2026-08-08 09:58:03,636 INFO elou_avt.scheme: Scheme saved to D:\itcamp_git\it camp\elou_avt_twin\schemes\default.json (8 nodes, 6 edges).
2026-08-08 09:58:03,640 [INFO] elou_avt.digital_twin: Simulation created.
2026-08-08 09:58:03,640 INFO elou_avt.digital_twin: Simulation created.
2026-08-08 09:58:03,641 [INFO] elou_avt.engine: Scheme updated: 8 nodes, 6 edges.
2026-08-08 09:58:03,641 INFO elou_avt.engine: Scheme updated: 8 nodes, 6 edges.
2026-08-08 09:58:03,642 [INFO] elou_avt.digital_twin: Scenario loaded: NORMAL_OPERATION — Нормальная работа (Rigorous)
2026-08-08 09:58:03,642 INFO elou_avt.digital_twin: Scenario loaded: NORMAL_OPERATION — Нормальная работа (Rigorous)
2026-08-08 09:58:03,642 [INFO] elou_avt.digital_twin: Simulation started.
2026-08-08 09:58:03,642 INFO elou_avt.digital_twin: Simulation started.
2026-08-08 09:58:03,992 [INFO] elou_avt.scheme: Scheme saved to D:\itcamp_git\it camp\elou_avt_twin\schemes\default.json (8 nodes, 6 edges).
2026-08-08 09:58:03,992 INFO elou_avt.scheme: Scheme saved to D:\itcamp_git\it camp\elou_avt_twin\schemes\default.json (8 nodes, 6 edges).
2026-08-08 09:58:04,005 [INFO] elou_avt.digital_twin: Simulation created.
2026-08-08 09:58:04,005 INFO elou_avt.digital_twin: Simulation created.
2026-08-08 09:58:04,006 [INFO] elou_avt.engine: Scheme updated: 8 nodes, 6 edges.
2026-08-08 09:58:04,006 INFO elou_avt.engine: Scheme updated: 8 nodes, 6 edges.
2026-08-08 09:58:04,007 [INFO] elou_avt.digital_twin: Scenario loaded: NORMAL_OPERATION — Нормальная работа (Rigorous)
2026-08-08 09:58:04,007 INFO elou_avt.digital_twin: Scenario loaded: NORMAL_OPERATION — Нормальная работа (Rigorous)
2026-08-08 09:58:04,007 [INFO] elou_avt.digital_twin: Simulation started.
2026-08-08 09:58:04,007 INFO elou_avt.digital_twin: Simulation started.
2026-08-08 09:58:18,250 [INFO] elou_avt.lms_content: LmsContentStore opened: D:\itcamp_git\it camp\elou_avt_twin\sessions.db
2026-08-08 09:58:18,250 INFO elou_avt.lms_content: LmsContentStore opened: D:\itcamp_git\it camp\elou_avt_twin\sessions.db
2026-08-08 09:58:18,257 [INFO] elou_avt.lms_content: LmsContentStore opened: D:\itcamp_git\it camp\elou_avt_twin\sessions.db
2026-08-08 09:58:18,257 INFO elou_avt.lms_content: LmsContentStore opened: D:\itcamp_git\it camp\elou_avt_twin\sessions.db
2026-08-08 09:58:18,263 [INFO] elou_avt.lms: LmsStore opened: D:\itcamp_git\it camp\elou_avt_twin\sessions.db
2026-08-08 09:58:18,263 INFO elou_avt.lms: LmsStore opened: D:\itcamp_git\it camp\elou_avt_twin\sessions.db
2026-08-08 09:58:18,263 [INFO] elou_avt.lms: LmsStore opened: D:\itcamp_git\it camp\elou_avt_twin\sessions.db
2026-08-08 09:58:18,263 INFO elou_avt.lms: LmsStore opened: D:\itcamp_git\it camp\elou_avt_twin\sessions.db
2026-08-08 09:58:18,268 [INFO] elou_avt.auth: AuthStore opened: D:\itcamp_git\it camp\elou_avt_twin\sessions.db
2026-08-08 09:58:18,268 INFO elou_avt.auth: AuthStore opened: D:\itcamp_git\it camp\elou_avt_twin\sessions.db
2026-08-08 09:58:18,270 [INFO] elou_avt.auth: AuthStore opened: D:\itcamp_git\it camp\elou_avt_twin\sessions.db
2026-08-08 09:58:18,270 INFO elou_avt.auth: AuthStore opened: D:\itcamp_git\it camp\elou_avt_twin\sessions.db
2026-08-08 09:58:23,881 [INFO] elou_avt.digital_twin: Action queued: ActionType.SET_VALUE on val_1 = 0.05
2026-08-08 09:58:23,881 INFO elou_avt.digital_twin: Action queued: ActionType.SET_VALUE on val_1 = 0.05
2026-08-08 09:58:23,891 [INFO] elou_avt.engine: Operator action: ActionType.SET_VALUE on val_1 = 0.05
2026-08-08 09:58:23,891 INFO elou_avt.engine: Operator action: ActionType.SET_VALUE on val_1 = 0.05
2026-08-08 09:58:24,114 [INFO] elou_avt.digital_twin: Action queued: ActionType.SET_VALUE on val_1 = 0.1
2026-08-08 09:58:24,114 INFO elou_avt.digital_twin: Action queued: ActionType.SET_VALUE on val_1 = 0.1
2026-08-08 09:58:24,115 [INFO] elou_avt.engine: Operator action: ActionType.SET_VALUE on val_1 = 0.1
2026-08-08 09:58:24,115 INFO elou_avt.engine: Operator action: ActionType.SET_VALUE on val_1 = 0.1
2026-08-08 09:58:24,136 [INFO] elou_avt.digital_twin: Action queued: ActionType.SET_VALUE on val_1 = 0.15
2026-08-08 09:58:24,136 INFO elou_avt.digital_twin: Action queued: ActionType.SET_VALUE on val_1 = 0.15
2026-08-08 09:58:24,137 [INFO] elou_avt.engine: Operator action: ActionType.SET_VALUE on val_1 = 0.15
2026-08-08 09:58:24,137 INFO elou_avt.engine: Operator action: ActionType.SET_VALUE on val_1 = 0.15
2026-08-08 09:58:24,183 [INFO] elou_avt.digital_twin: Action queued: ActionType.SET_VALUE on val_1 = 0.2
2026-08-08 09:58:24,183 INFO elou_avt.digital_twin: Action queued: ActionType.SET_VALUE on val_1 = 0.2
2026-08-08 09:58:24,184 [INFO] elou_avt.engine: Operator action: ActionType.SET_VALUE on val_1 = 0.2
2026-08-08 09:58:24,184 INFO elou_avt.engine: Operator action: ActionType.SET_VALUE on val_1 = 0.2
2026-08-08 09:58:24,232 [INFO] elou_avt.digital_twin: Action queued: ActionType.SET_VALUE on val_1 = 0.25
2026-08-08 09:58:24,232 INFO elou_avt.digital_twin: Action queued: ActionType.SET_VALUE on val_1 = 0.25
2026-08-08 09:58:24,232 [INFO] elou_avt.engine: Operator action: ActionType.SET_VALUE on val_1 = 0.25
2026-08-08 09:58:24,232 INFO elou_avt.engine: Operator action: ActionType.SET_VALUE on val_1 = 0.25
2026-08-08 09:58:24,314 [INFO] elou_avt.digital_twin: Action queued: ActionType.SET_VALUE on val_1 = 0.3
2026-08-08 09:58:24,314 INFO elou_avt.digital_twin: Action queued: ActionType.SET_VALUE on val_1 = 0.3
2026-08-08 09:58:24,324 [INFO] elou_avt.engine: Operator action: ActionType.SET_VALUE on val_1 = 0.3
2026-08-08 09:58:24,324 INFO elou_avt.engine: Operator action: ActionType.SET_VALUE on val_1 = 0.3
2026-08-08 09:58:24,400 [INFO] elou_avt.digital_twin: Action queued: ActionType.SET_VALUE on val_1 = 0.35
2026-08-08 09:58:24,400 INFO elou_avt.digital_twin: Action queued: ActionType.SET_VALUE on val_1 = 0.35
2026-08-08 09:58:24,401 [INFO] elou_avt.engine: Operator action: ActionType.SET_VALUE on val_1 = 0.35
2026-08-08 09:58:24,401 INFO elou_avt.engine: Operator action: ActionType.SET_VALUE on val_1 = 0.35
2026-08-08 09:58:45,325 [INFO] elou_avt.digital_twin: Action queued: ActionType.SET_VALUE on val_1 = 0.45
2026-08-08 09:58:45,325 INFO elou_avt.digital_twin: Action queued: ActionType.SET_VALUE on val_1 = 0.45
2026-08-08 09:58:45,343 [INFO] elou_avt.engine: Operator action: ActionType.SET_VALUE on val_1 = 0.45
2026-08-08 09:58:45,343 INFO elou_avt.engine: Operator action: ActionType.SET_VALUE on val_1 = 0.45
2026-08-08 09:58:50,778 [INFO] elou_avt.scheme: Scheme saved to D:\itcamp_git\it camp\elou_avt_twin\schemes\default.json (8 nodes, 7 edges).
2026-08-08 09:58:50,778 INFO elou_avt.scheme: Scheme saved to D:\itcamp_git\it camp\elou_avt_twin\schemes\default.json (8 nodes, 7 edges).
2026-08-08 09:58:50,790 [INFO] elou_avt.digital_twin: Simulation created.
2026-08-08 09:58:50,790 INFO elou_avt.digital_twin: Simulation created.
2026-08-08 09:58:50,791 [INFO] elou_avt.engine: Scheme updated: 8 nodes, 7 edges.
2026-08-08 09:58:50,791 INFO elou_avt.engine: Scheme updated: 8 nodes, 7 edges.
2026-08-08 09:58:50,792 [INFO] elou_avt.digital_twin: Scenario loaded: NORMAL_OPERATION — Нормальная работа (Rigorous)
2026-08-08 09:58:50,792 INFO elou_avt.digital_twin: Scenario loaded: NORMAL_OPERATION — Нормальная работа (Rigorous)
2026-08-08 09:58:50,793 [INFO] elou_avt.digital_twin: Simulation started.
2026-08-08 09:58:50,793 INFO elou_avt.digital_twin: Simulation started.
2026-08-08 09:59:08,245 [INFO] elou_avt.digital_twin: Action queued: ActionType.SET_VALUE on val_3 = 0.65
2026-08-08 09:59:08,245 INFO elou_avt.digital_twin: Action queued: ActionType.SET_VALUE on val_3 = 0.65
2026-08-08 09:59:08,258 [INFO] elou_avt.engine: Operator action: ActionType.SET_VALUE on val_3 = 0.65
2026-08-08 09:59:08,258 INFO elou_avt.engine: Operator action: ActionType.SET_VALUE on val_3 = 0.65
2026-08-08 09:59:08,625 [INFO] elou_avt.digital_twin: Action queued: ActionType.SET_VALUE on val_3 = 0.75
2026-08-08 09:59:08,625 INFO elou_avt.digital_twin: Action queued: ActionType.SET_VALUE on val_3 = 0.75
2026-08-08 09:59:08,637 [INFO] elou_avt.engine: Operator action: ActionType.SET_VALUE on val_3 = 0.75
2026-08-08 09:59:08,637 INFO elou_avt.engine: Operator action: ActionType.SET_VALUE on val_3 = 0.75
2026-08-08 09:59:08,701 [INFO] elou_avt.digital_twin: Action queued: ActionType.SET_VALUE on val_3 = 0.85
2026-08-08 09:59:08,701 INFO elou_avt.digital_twin: Action queued: ActionType.SET_VALUE on val_3 = 0.85
2026-08-08 09:59:08,706 [INFO] elou_avt.engine: Operator action: ActionType.SET_VALUE on val_3 = 0.85
2026-08-08 09:59:08,706 INFO elou_avt.engine: Operator action: ActionType.SET_VALUE on val_3 = 0.85
2026-08-08 09:59:08,765 [INFO] elou_avt.digital_twin: Action queued: ActionType.SET_VALUE on val_3 = 0.7
2026-08-08 09:59:08,765 INFO elou_avt.digital_twin: Action queued: ActionType.SET_VALUE on val_3 = 0.7
2026-08-08 09:59:08,767 [INFO] elou_avt.engine: Operator action: ActionType.SET_VALUE on val_3 = 0.7
2026-08-08 09:59:08,767 INFO elou_avt.engine: Operator action: ActionType.SET_VALUE on val_3 = 0.7
2026-08-08 09:59:08,827 [INFO] elou_avt.digital_twin: Action queued: ActionType.SET_VALUE on val_3 = 0.95
2026-08-08 09:59:08,827 INFO elou_avt.digital_twin: Action queued: ActionType.SET_VALUE on val_3 = 0.95
2026-08-08 09:59:08,828 [INFO] elou_avt.engine: Operator action: ActionType.SET_VALUE on val_3 = 0.95
2026-08-08 09:59:08,828 INFO elou_avt.engine: Operator action: ActionType.SET_VALUE on val_3 = 0.95
2026-08-08 09:59:08,950 [INFO] elou_avt.digital_twin: Action queued: ActionType.SET_VALUE on val_3 = 1.0
2026-08-08 09:59:08,950 INFO elou_avt.digital_twin: Action queued: ActionType.SET_VALUE on val_3 = 1.0
2026-08-08 09:59:08,951 [INFO] elou_avt.engine: Operator action: ActionType.SET_VALUE on val_3 = 1.0
2026-08-08 09:59:08,951 INFO elou_avt.engine: Operator action: ActionType.SET_VALUE on val_3 = 1.0
2026-08-08 09:59:08,986 [INFO] elou_avt.digital_twin: Action queued: ActionType.SET_VALUE on val_3 = 0.9
2026-08-08 09:59:08,986 INFO elou_avt.digital_twin: Action queued: ActionType.SET_VALUE on val_3 = 0.9
2026-08-08 09:59:08,991 [INFO] elou_avt.engine: Operator action: ActionType.SET_VALUE on val_3 = 0.9
2026-08-08 09:59:08,991 INFO elou_avt.engine: Operator action: ActionType.SET_VALUE on val_3 = 0.9
2026-08-08 09:59:26,800 [INFO] elou_avt.digital_twin: Action queued: ActionType.SET_VALUE on val_3 = 0.95
2026-08-08 09:59:26,800 INFO elou_avt.digital_twin: Action queued: ActionType.SET_VALUE on val_3 = 0.95
2026-08-08 09:59:26,801 [INFO] elou_avt.engine: Operator action: ActionType.SET_VALUE on val_3 = 0.95
2026-08-08 09:59:26,801 INFO elou_avt.engine: Operator action: ActionType.SET_VALUE on val_3 = 0.95
2026-08-08 09:59:26,837 [INFO] elou_avt.digital_twin: Action queued: ActionType.SET_VALUE on val_3 = 1.0
2026-08-08 09:59:26,837 INFO elou_avt.digital_twin: Action queued: ActionType.SET_VALUE on val_3 = 1.0
2026-08-08 09:59:26,837 [INFO] elou_avt.engine: Operator action: ActionType.SET_VALUE on val_3 = 1.0
2026-08-08 09:59:26,837 INFO elou_avt.engine: Operator action: ActionType.SET_VALUE on val_3 = 1.0
2026-08-08 09:59:46,073 [INFO] elou_avt.digital_twin: Action queued: ActionType.SET_VALUE on val_3 = 0.95
2026-08-08 09:59:46,073 INFO elou_avt.digital_twin: Action queued: ActionType.SET_VALUE on val_3 = 0.95
2026-08-08 09:59:46,082 [INFO] elou_avt.engine: Operator action: ActionType.SET_VALUE on val_3 = 0.95
2026-08-08 09:59:46,082 INFO elou_avt.engine: Operator action: ActionType.SET_VALUE on val_3 = 0.95
2026-08-08 09:59:46,132 [INFO] elou_avt.digital_twin: Action queued: ActionType.SET_VALUE on val_3 = 0.9
2026-08-08 09:59:46,132 INFO elou_avt.digital_twin: Action queued: ActionType.SET_VALUE on val_3 = 0.9
2026-08-08 09:59:46,132 [INFO] elou_avt.engine: Operator action: ActionType.SET_VALUE on val_3 = 0.9
2026-08-08 09:59:46,132 INFO elou_avt.engine: Operator action: ActionType.SET_VALUE on val_3 = 0.9
2026-08-08 09:59:46,184 [INFO] elou_avt.digital_twin: Action queued: ActionType.SET_VALUE on val_3 = 0.85
2026-08-08 09:59:46,184 INFO elou_avt.digital_twin: Action queued: ActionType.SET_VALUE on val_3 = 0.85
2026-08-08 09:59:46,185 [INFO] elou_avt.engine: Operator action: ActionType.SET_VALUE on val_3 = 0.85
2026-08-08 09:59:46,185 INFO elou_avt.engine: Operator action: ActionType.SET_VALUE on val_3 = 0.85
2026-08-08 09:59:46,236 [INFO] elou_avt.digital_twin: Action queued: ActionType.SET_VALUE on val_3 = 0.8
2026-08-08 09:59:46,236 INFO elou_avt.digital_twin: Action queued: ActionType.SET_VALUE on val_3 = 0.8
2026-08-08 09:59:46,236 [INFO] elou_avt.engine: Operator action: ActionType.SET_VALUE on val_3 = 0.8
2026-08-08 09:59:46,236 INFO elou_avt.engine: Operator action: ActionType.SET_VALUE on val_3 = 0.8
2026-08-08 09:59:46,355 [INFO] elou_avt.digital_twin: Action queued: ActionType.SET_VALUE on val_3 = 0.75
2026-08-08 09:59:46,355 INFO elou_avt.digital_twin: Action queued: ActionType.SET_VALUE on val_3 = 0.75
2026-08-08 09:59:46,366 [INFO] elou_avt.engine: Operator action: ActionType.SET_VALUE on val_3 = 0.75
2026-08-08 09:59:46,366 INFO elou_avt.engine: Operator action: ActionType.SET_VALUE on val_3 = 0.75
2026-08-08 09:59:46,425 [INFO] elou_avt.digital_twin: Action queued: ActionType.SET_VALUE on val_3 = 0.7
2026-08-08 09:59:46,425 INFO elou_avt.digital_twin: Action queued: ActionType.SET_VALUE on val_3 = 0.7
2026-08-08 09:59:46,426 [INFO] elou_avt.engine: Operator action: ActionType.SET_VALUE on val_3 = 0.7
2026-08-08 09:59:46,426 INFO elou_avt.engine: Operator action: ActionType.SET_VALUE on val_3 = 0.7
2026-08-08 09:59:46,482 [INFO] elou_avt.digital_twin: Action queued: ActionType.SET_VALUE on val_3 = 0.65
2026-08-08 09:59:46,482 INFO elou_avt.digital_twin: Action queued: ActionType.SET_VALUE on val_3 = 0.65
2026-08-08 09:59:46,484 [INFO] elou_avt.engine: Operator action: ActionType.SET_VALUE on val_3 = 0.65
2026-08-08 09:59:46,484 INFO elou_avt.engine: Operator action: ActionType.SET_VALUE on val_3 = 0.65
2026-08-08 09:59:46,537 [INFO] elou_avt.digital_twin: Action queued: ActionType.SET_VALUE on val_3 = 0.6
2026-08-08 09:59:46,537 INFO elou_avt.digital_twin: Action queued: ActionType.SET_VALUE on val_3 = 0.6
2026-08-08 09:59:46,539 [INFO] elou_avt.engine: Operator action: ActionType.SET_VALUE on val_3 = 0.6
2026-08-08 09:59:46,539 INFO elou_avt.engine: Operator action: ActionType.SET_VALUE on val_3 = 0.6
2026-08-08 09:59:46,580 [INFO] elou_avt.digital_twin: Action queued: ActionType.SET_VALUE on val_3 = 0.55
2026-08-08 09:59:46,580 INFO elou_avt.digital_twin: Action queued: ActionType.SET_VALUE on val_3 = 0.55
2026-08-08 09:59:46,586 [INFO] elou_avt.engine: Operator action: ActionType.SET_VALUE on val_3 = 0.55
2026-08-08 09:59:46,586 INFO elou_avt.engine: Operator action: ActionType.SET_VALUE on val_3 = 0.55
2026-08-08 09:59:46,628 [INFO] elou_avt.digital_twin: Action queued: ActionType.SET_VALUE on val_3 = 0.5
2026-08-08 09:59:46,628 INFO elou_avt.digital_twin: Action queued: ActionType.SET_VALUE on val_3 = 0.5
2026-08-08 09:59:46,629 [INFO] elou_avt.engine: Operator action: ActionType.SET_VALUE on val_3 = 0.5
2026-08-08 09:59:46,629 INFO elou_avt.engine: Operator action: ActionType.SET_VALUE on val_3 = 0.5
2026-08-08 09:59:46,704 [INFO] elou_avt.digital_twin: Action queued: ActionType.SET_VALUE on val_3 = 0.45
2026-08-08 09:59:46,704 INFO elou_avt.digital_twin: Action queued: ActionType.SET_VALUE on val_3 = 0.45
2026-08-08 09:59:46,704 [INFO] elou_avt.engine: Operator action: ActionType.SET_VALUE on val_3 = 0.45
2026-08-08 09:59:46,704 INFO elou_avt.engine: Operator action: ActionType.SET_VALUE on val_3 = 0.45
2026-08-08 09:59:47,304 [INFO] elou_avt.digital_twin: Action queued: ActionType.SET_VALUE on val_3 = 0.4
2026-08-08 09:59:47,304 INFO elou_avt.digital_twin: Action queued: ActionType.SET_VALUE on val_3 = 0.4
2026-08-08 09:59:47,314 [INFO] elou_avt.engine: Operator action: ActionType.SET_VALUE on val_3 = 0.4
2026-08-08 09:59:47,314 INFO elou_avt.engine: Operator action: ActionType.SET_VALUE on val_3 = 0.4
2026-08-08 09:59:47,405 [INFO] elou_avt.digital_twin: Action queued: ActionType.SET_VALUE on val_3 = 0.35
2026-08-08 09:59:47,405 INFO elou_avt.digital_twin: Action queued: ActionType.SET_VALUE on val_3 = 0.35
2026-08-08 09:59:47,415 [INFO] elou_avt.engine: Operator action: ActionType.SET_VALUE on val_3 = 0.35
2026-08-08 09:59:47,415 INFO elou_avt.engine: Operator action: ActionType.SET_VALUE on val_3 = 0.35
2026-08-08 09:59:47,582 [INFO] elou_avt.digital_twin: Action queued: ActionType.SET_VALUE on val_3 = 0.3
2026-08-08 09:59:47,582 INFO elou_avt.digital_twin: Action queued: ActionType.SET_VALUE on val_3 = 0.3
2026-08-08 09:59:47,601 [INFO] elou_avt.engine: Operator action: ActionType.SET_VALUE on val_3 = 0.3
2026-08-08 09:59:47,601 INFO elou_avt.engine: Operator action: ActionType.SET_VALUE on val_3 = 0.3
2026-08-08 09:59:47,849 [INFO] elou_avt.digital_twin: Action queued: ActionType.SET_VALUE on val_3 = 0.25
2026-08-08 09:59:47,849 INFO elou_avt.digital_twin: Action queued: ActionType.SET_VALUE on val_3 = 0.25
2026-08-08 09:59:47,858 [INFO] elou_avt.engine: Operator action: ActionType.SET_VALUE on val_3 = 0.25
2026-08-08 09:59:47,858 INFO elou_avt.engine: Operator action: ActionType.SET_VALUE on val_3 = 0.25
2026-08-08 09:59:48,171 [INFO] elou_avt.digital_twin: Action queued: ActionType.SET_VALUE on val_3 = 0.2
2026-08-08 09:59:48,171 INFO elou_avt.digital_twin: Action queued: ActionType.SET_VALUE on val_3 = 0.2
2026-08-08 09:59:48,181 [INFO] elou_avt.engine: Operator action: ActionType.SET_VALUE on val_3 = 0.2
2026-08-08 09:59:48,181 INFO elou_avt.engine: Operator action: ActionType.SET_VALUE on val_3 = 0.2
2026-08-08 09:59:48,571 [INFO] elou_avt.digital_twin: Action queued: ActionType.SET_VALUE on val_3 = 0.15
2026-08-08 09:59:48,571 INFO elou_avt.digital_twin: Action queued: ActionType.SET_VALUE on val_3 = 0.15
2026-08-08 09:59:48,572 [INFO] elou_avt.engine: Operator action: ActionType.SET_VALUE on val_3 = 0.15
2026-08-08 09:59:48,572 INFO elou_avt.engine: Operator action: ActionType.SET_VALUE on val_3 = 0.15
2026-08-08 09:59:48,795 [INFO] elou_avt.digital_twin: Action queued: ActionType.SET_VALUE on val_3 = 0.1
2026-08-08 09:59:48,795 INFO elou_avt.digital_twin: Action queued: ActionType.SET_VALUE on val_3 = 0.1
2026-08-08 09:59:48,805 [INFO] elou_avt.engine: Operator action: ActionType.SET_VALUE on val_3 = 0.1
2026-08-08 09:59:48,805 INFO elou_avt.engine: Operator action: ActionType.SET_VALUE on val_3 = 0.1
2026-08-08 09:59:49,038 [INFO] elou_avt.digital_twin: Action queued: ActionType.SET_VALUE on val_3 = 0.05
2026-08-08 09:59:49,038 INFO elou_avt.digital_twin: Action queued: ActionType.SET_VALUE on val_3 = 0.05
2026-08-08 09:59:49,048 [INFO] elou_avt.engine: Operator action: ActionType.SET_VALUE on val_3 = 0.05
2026-08-08 09:59:49,048 INFO elou_avt.engine: Operator action: ActionType.SET_VALUE on val_3 = 0.05
2026-08-08 09:59:54,805 [INFO] elou_avt.digital_twin: Action queued: ActionType.SET_VALUE on val_3 = 0.1
2026-08-08 09:59:54,805 INFO elou_avt.digital_twin: Action queued: ActionType.SET_VALUE on val_3 = 0.1
2026-08-08 09:59:54,815 [INFO] elou_avt.engine: Operator action: ActionType.SET_VALUE on val_3 = 0.1
2026-08-08 09:59:54,815 INFO elou_avt.engine: Operator action: ActionType.SET_VALUE on val_3 = 0.1
2026-08-08 09:59:54,871 [INFO] elou_avt.digital_twin: Action queued: ActionType.SET_VALUE on val_3 = 0.15
2026-08-08 09:59:54,871 INFO elou_avt.digital_twin: Action queued: ActionType.SET_VALUE on val_3 = 0.15
2026-08-08 09:59:54,872 [INFO] elou_avt.engine: Operator action: ActionType.SET_VALUE on val_3 = 0.15
2026-08-08 09:59:54,872 INFO elou_avt.engine: Operator action: ActionType.SET_VALUE on val_3 = 0.15
2026-08-08 09:59:55,226 [INFO] elou_avt.digital_twin: Action queued: ActionType.SET_VALUE on val_3 = 0.2
2026-08-08 09:59:55,226 INFO elou_avt.digital_twin: Action queued: ActionType.SET_VALUE on val_3 = 0.2
2026-08-08 09:59:55,252 [INFO] elou_avt.engine: Operator action: ActionType.SET_VALUE on val_3 = 0.2
2026-08-08 09:59:55,252 INFO elou_avt.engine: Operator action: ActionType.SET_VALUE on val_3 = 0.2
2026-08-08 10:01:09,671 [INFO] elou_avt.scheme: Scheme saved to D:\itcamp_git\it camp\elou_avt_twin\schemes\default.json (10 nodes, 9 edges).
2026-08-08 10:01:09,671 INFO elou_avt.scheme: Scheme saved to D:\itcamp_git\it camp\elou_avt_twin\schemes\default.json (10 nodes, 9 edges).
2026-08-08 10:01:09,686 [INFO] elou_avt.digital_twin: Simulation created.
2026-08-08 10:01:09,686 INFO elou_avt.digital_twin: Simulation created.
2026-08-08 10:01:09,688 [INFO] elou_avt.engine: Scheme updated: 10 nodes, 9 edges.
2026-08-08 10:01:09,688 INFO elou_avt.engine: Scheme updated: 10 nodes, 9 edges.
2026-08-08 10:01:09,689 [INFO] elou_avt.digital_twin: Scenario loaded: NORMAL_OPERATION — Нормальная работа (Rigorous)
2026-08-08 10:01:09,689 INFO elou_avt.digital_twin: Scenario loaded: NORMAL_OPERATION — Нормальная работа (Rigorous)
2026-08-08 10:01:09,690 [INFO] elou_avt.digital_twin: Simulation started.
2026-08-08 10:01:09,690 INFO elou_avt.digital_twin: Simulation started.
2026-08-08 10:01:13,752 [INFO] elou_avt.digital_twin: Action queued: ActionType.SET_VALUE on val_7 = 0.25
2026-08-08 10:01:13,752 INFO elou_avt.digital_twin: Action queued: ActionType.SET_VALUE on val_7 = 0.25
2026-08-08 10:01:13,765 [INFO] elou_avt.engine: Operator action: ActionType.SET_VALUE on val_7 = 0.25
2026-08-08 10:01:13,765 INFO elou_avt.engine: Operator action: ActionType.SET_VALUE on val_7 = 0.25
2026-08-08 10:01:13,830 [INFO] elou_avt.digital_twin: Action queued: ActionType.SET_VALUE on val_7 = 0.3
2026-08-08 10:01:13,830 INFO elou_avt.digital_twin: Action queued: ActionType.SET_VALUE on val_7 = 0.3
2026-08-08 10:01:13,833 [INFO] elou_avt.engine: Operator action: ActionType.SET_VALUE on val_7 = 0.3
2026-08-08 10:01:13,833 INFO elou_avt.engine: Operator action: ActionType.SET_VALUE on val_7 = 0.3
2026-08-08 10:01:14,206 [INFO] elou_avt.digital_twin: Action queued: ActionType.SET_VALUE on val_7 = 0.35
2026-08-08 10:01:14,206 INFO elou_avt.digital_twin: Action queued: ActionType.SET_VALUE on val_7 = 0.35
2026-08-08 10:01:14,212 [INFO] elou_avt.engine: Operator action: ActionType.SET_VALUE on val_7 = 0.35
2026-08-08 10:01:14,212 INFO elou_avt.engine: Operator action: ActionType.SET_VALUE on val_7 = 0.35
2026-08-08 10:01:14,376 [INFO] elou_avt.digital_twin: Action queued: ActionType.SET_VALUE on val_7 = 0.75
2026-08-08 10:01:14,376 INFO elou_avt.digital_twin: Action queued: ActionType.SET_VALUE on val_7 = 0.75
2026-08-08 10:01:14,385 [INFO] elou_avt.engine: Operator action: ActionType.SET_VALUE on val_7 = 0.75
2026-08-08 10:01:14,385 INFO elou_avt.engine: Operator action: ActionType.SET_VALUE on val_7 = 0.75
2026-08-08 10:01:14,614 [INFO] elou_avt.digital_twin: Action queued: ActionType.SET_VALUE on val_7 = 0.65
2026-08-08 10:01:14,614 INFO elou_avt.digital_twin: Action queued: ActionType.SET_VALUE on val_7 = 0.65
2026-08-08 10:01:14,643 [INFO] elou_avt.engine: Operator action: ActionType.SET_VALUE on val_7 = 0.65
2026-08-08 10:01:14,643 INFO elou_avt.engine: Operator action: ActionType.SET_VALUE on val_7 = 0.65
2026-08-08 10:01:14,920 [INFO] elou_avt.digital_twin: Action queued: ActionType.SET_VALUE on val_7 = 0.45
2026-08-08 10:01:14,920 INFO elou_avt.digital_twin: Action queued: ActionType.SET_VALUE on val_7 = 0.45
2026-08-08 10:01:14,924 [INFO] elou_avt.engine: Operator action: ActionType.SET_VALUE on val_7 = 0.45
2026-08-08 10:01:14,924 INFO elou_avt.engine: Operator action: ActionType.SET_VALUE on val_7 = 0.45
2026-08-08 10:01:15,057 [INFO] elou_avt.digital_twin: Action queued: ActionType.SET_VALUE on val_7 = 0.9
2026-08-08 10:01:15,057 INFO elou_avt.digital_twin: Action queued: ActionType.SET_VALUE on val_7 = 0.9
2026-08-08 10:01:15,067 [INFO] elou_avt.engine: Operator action: ActionType.SET_VALUE on val_7 = 0.9
2026-08-08 10:01:15,067 INFO elou_avt.engine: Operator action: ActionType.SET_VALUE on val_7 = 0.9
2026-08-08 10:01:15,185 [INFO] elou_avt.digital_twin: Action queued: ActionType.SET_VALUE on val_7 = 0.95
2026-08-08 10:01:15,185 INFO elou_avt.digital_twin: Action queued: ActionType.SET_VALUE on val_7 = 0.95
2026-08-08 10:01:15,196 [INFO] elou_avt.engine: Operator action: ActionType.SET_VALUE on val_7 = 0.95
2026-08-08 10:01:15,196 INFO elou_avt.engine: Operator action: ActionType.SET_VALUE on val_7 = 0.95
2026-08-08 10:01:15,464 [INFO] elou_avt.digital_twin: Action queued: ActionType.SET_VALUE on val_7 = 0.8
2026-08-08 10:01:15,464 INFO elou_avt.digital_twin: Action queued: ActionType.SET_VALUE on val_7 = 0.8
2026-08-08 10:01:15,465 [INFO] elou_avt.engine: Operator action: ActionType.SET_VALUE on val_7 = 0.8
2026-08-08 10:01:15,465 INFO elou_avt.engine: Operator action: ActionType.SET_VALUE on val_7 = 0.8
2026-08-08 10:01:15,592 [INFO] elou_avt.digital_twin: Action queued: ActionType.SET_VALUE on val_7 = 0.85
2026-08-08 10:01:15,592 INFO elou_avt.digital_twin: Action queued: ActionType.SET_VALUE on val_7 = 0.85
2026-08-08 10:01:15,602 [INFO] elou_avt.engine: Operator action: ActionType.SET_VALUE on val_7 = 0.85
2026-08-08 10:01:15,602 INFO elou_avt.engine: Operator action: ActionType.SET_VALUE on val_7 = 0.85
2026-08-08 10:01:15,708 [INFO] elou_avt.digital_twin: Action queued: ActionType.SET_VALUE on val_7 = 1.0
2026-08-08 10:01:15,708 INFO elou_avt.digital_twin: Action queued: ActionType.SET_VALUE on val_7 = 1.0
2026-08-08 10:01:15,720 [INFO] elou_avt.engine: Operator action: ActionType.SET_VALUE on val_7 = 1.0
2026-08-08 10:01:15,720 INFO elou_avt.engine: Operator action: ActionType.SET_VALUE on val_7 = 1.0
2026-08-08 10:01:46,479 [INFO] elou_avt.digital_twin: Action queued: ActionType.SET_VALUE on val_3 = 0.05
2026-08-08 10:01:46,479 INFO elou_avt.digital_twin: Action queued: ActionType.SET_VALUE on val_3 = 0.05
2026-08-08 10:01:46,492 [INFO] elou_avt.engine: Operator action: ActionType.SET_VALUE on val_3 = 0.05
2026-08-08 10:01:46,492 INFO elou_avt.engine: Operator action: ActionType.SET_VALUE on val_3 = 0.05
2026-08-08 10:01:46,738 [INFO] elou_avt.digital_twin: Action queued: ActionType.SET_VALUE on val_3 = 0.1
2026-08-08 10:01:46,738 INFO elou_avt.digital_twin: Action queued: ActionType.SET_VALUE on val_3 = 0.1
2026-08-08 10:01:46,747 [INFO] elou_avt.engine: Operator action: ActionType.SET_VALUE on val_3 = 0.1
2026-08-08 10:01:46,747 INFO elou_avt.engine: Operator action: ActionType.SET_VALUE on val_3 = 0.1
2026-08-08 10:01:55,614 [INFO] elou_avt.digital_twin: Action queued: ActionType.SET_VALUE on val_3 = 0.15
2026-08-08 10:01:55,614 INFO elou_avt.digital_twin: Action queued: ActionType.SET_VALUE on val_3 = 0.15
2026-08-08 10:01:55,625 [INFO] elou_avt.engine: Operator action: ActionType.SET_VALUE on val_3 = 0.15
2026-08-08 10:01:55,625 INFO elou_avt.engine: Operator action: ActionType.SET_VALUE on val_3 = 0.15
2026-08-08 10:01:56,214 [INFO] elou_avt.digital_twin: Action queued: ActionType.SET_VALUE on val_3 = 0.2
2026-08-08 10:01:56,214 INFO elou_avt.digital_twin: Action queued: ActionType.SET_VALUE on val_3 = 0.2
2026-08-08 10:01:56,215 [INFO] elou_avt.engine: Operator action: ActionType.SET_VALUE on val_3 = 0.2
2026-08-08 10:01:56,215 INFO elou_avt.engine: Operator action: ActionType.SET_VALUE on val_3 = 0.2
2026-08-08 10:01:56,268 [INFO] elou_avt.digital_twin: Action queued: ActionType.SET_VALUE on val_3 = 0.25
2026-08-08 10:01:56,268 INFO elou_avt.digital_twin: Action queued: ActionType.SET_VALUE on val_3 = 0.25
2026-08-08 10:01:56,274 [INFO] elou_avt.engine: Operator action: ActionType.SET_VALUE on val_3 = 0.25
2026-08-08 10:01:56,274 INFO elou_avt.engine: Operator action: ActionType.SET_VALUE on val_3 = 0.25
2026-08-08 10:01:56,349 [INFO] elou_avt.digital_twin: Action queued: ActionType.SET_VALUE on val_3 = 0.3
2026-08-08 10:01:56,349 INFO elou_avt.digital_twin: Action queued: ActionType.SET_VALUE on val_3 = 0.3
2026-08-08 10:01:56,360 [INFO] elou_avt.engine: Operator action: ActionType.SET_VALUE on val_3 = 0.3
2026-08-08 10:01:56,360 INFO elou_avt.engine: Operator action: ActionType.SET_VALUE on val_3 = 0.3
2026-08-08 10:01:56,434 [INFO] elou_avt.digital_twin: Action queued: ActionType.SET_VALUE on val_3 = 0.35
2026-08-08 10:01:56,434 INFO elou_avt.digital_twin: Action queued: ActionType.SET_VALUE on val_3 = 0.35
2026-08-08 10:01:56,435 [INFO] elou_avt.engine: Operator action: ActionType.SET_VALUE on val_3 = 0.35
2026-08-08 10:01:56,435 INFO elou_avt.engine: Operator action: ActionType.SET_VALUE on val_3 = 0.35
2026-08-08 10:02:00,320 [INFO] elou_avt.digital_twin: Action queued: ActionType.SET_VALUE on val_3 = 0.4
2026-08-08 10:02:00,320 INFO elou_avt.digital_twin: Action queued: ActionType.SET_VALUE on val_3 = 0.4
2026-08-08 10:02:00,331 [INFO] elou_avt.engine: Operator action: ActionType.SET_VALUE on val_3 = 0.4
2026-08-08 10:02:00,331 INFO elou_avt.engine: Operator action: ActionType.SET_VALUE on val_3 = 0.4
2026-08-08 10:02:00,565 [INFO] elou_avt.digital_twin: Action queued: ActionType.SET_VALUE on val_3 = 0.75
2026-08-08 10:02:00,565 INFO elou_avt.digital_twin: Action queued: ActionType.SET_VALUE on val_3 = 0.75
2026-08-08 10:02:00,576 [INFO] elou_avt.engine: Operator action: ActionType.SET_VALUE on val_3 = 0.75
2026-08-08 10:02:00,576 INFO elou_avt.engine: Operator action: ActionType.SET_VALUE on val_3 = 0.75
2026-08-08 10:02:00,775 [INFO] elou_avt.digital_twin: Action queued: ActionType.SET_VALUE on val_3 = 0.6
2026-08-08 10:02:00,775 INFO elou_avt.digital_twin: Action queued: ActionType.SET_VALUE on val_3 = 0.6
2026-08-08 10:02:00,788 [INFO] elou_avt.engine: Operator action: ActionType.SET_VALUE on val_3 = 0.6
2026-08-08 10:02:00,788 INFO elou_avt.engine: Operator action: ActionType.SET_VALUE on val_3 = 0.6
2026-08-08 10:02:00,933 [INFO] elou_avt.digital_twin: Action queued: ActionType.SET_VALUE on val_3 = 1.0
2026-08-08 10:02:00,933 INFO elou_avt.digital_twin: Action queued: ActionType.SET_VALUE on val_3 = 1.0
2026-08-08 10:02:00,943 [INFO] elou_avt.engine: Operator action: ActionType.SET_VALUE on val_3 = 1.0
2026-08-08 10:02:00,943 INFO elou_avt.engine: Operator action: ActionType.SET_VALUE on val_3 = 1.0
2026-08-08 10:02:01,132 [INFO] elou_avt.digital_twin: Action queued: ActionType.SET_VALUE on val_3 = 0.45
2026-08-08 10:02:01,132 INFO elou_avt.digital_twin: Action queued: ActionType.SET_VALUE on val_3 = 0.45
2026-08-08 10:02:01,142 [INFO] elou_avt.engine: Operator action: ActionType.SET_VALUE on val_3 = 0.45
2026-08-08 10:02:01,142 INFO elou_avt.engine: Operator action: ActionType.SET_VALUE on val_3 = 0.45
2026-08-08 10:02:09,867 [INFO] elou_avt.digital_twin: Action queued: ActionType.SET_VALUE on val_3 = 0.9
2026-08-08 10:02:09,867 INFO elou_avt.digital_twin: Action queued: ActionType.SET_VALUE on val_3 = 0.9
2026-08-08 10:02:09,880 [INFO] elou_avt.engine: Operator action: ActionType.SET_VALUE on val_3 = 0.9
2026-08-08 10:02:09,880 INFO elou_avt.engine: Operator action: ActionType.SET_VALUE on val_3 = 0.9
2026-08-08 10:02:10,439 [INFO] elou_avt.digital_twin: Action queued: ActionType.SET_VALUE on val_3 = 0.95
2026-08-08 10:02:10,439 INFO elou_avt.digital_twin: Action queued: ActionType.SET_VALUE on val_3 = 0.95
2026-08-08 10:02:10,451 [INFO] elou_avt.engine: Operator action: ActionType.SET_VALUE on val_3 = 0.95
2026-08-08 10:02:10,451 INFO elou_avt.engine: Operator action: ActionType.SET_VALUE on val_3 = 0.95
2026-08-08 10:02:10,690 [INFO] elou_avt.digital_twin: Action queued: ActionType.SET_VALUE on val_3 = 0.8
2026-08-08 10:02:10,690 INFO elou_avt.digital_twin: Action queued: ActionType.SET_VALUE on val_3 = 0.8
2026-08-08 10:02:10,693 [INFO] elou_avt.engine: Operator action: ActionType.SET_VALUE on val_3 = 0.8
2026-08-08 10:02:10,693 INFO elou_avt.engine: Operator action: ActionType.SET_VALUE on val_3 = 0.8
2026-08-08 10:02:10,808 [INFO] elou_avt.digital_twin: Action queued: ActionType.SET_VALUE on val_3 = 0.85
2026-08-08 10:02:10,808 INFO elou_avt.digital_twin: Action queued: ActionType.SET_VALUE on val_3 = 0.85
2026-08-08 10:02:10,832 [INFO] elou_avt.engine: Operator action: ActionType.SET_VALUE on val_3 = 0.85
2026-08-08 10:02:10,832 INFO elou_avt.engine: Operator action: ActionType.SET_VALUE on val_3 = 0.85
2026-08-08 10:02:11,067 [INFO] elou_avt.digital_twin: Action queued: ActionType.SET_VALUE on val_3 = 1.0
2026-08-08 10:02:11,067 INFO elou_avt.digital_twin: Action queued: ActionType.SET_VALUE on val_3 = 1.0
2026-08-08 10:02:11,074 [INFO] elou_avt.engine: Operator action: ActionType.SET_VALUE on val_3 = 1.0
2026-08-08 10:02:11,074 INFO elou_avt.engine: Operator action: ActionType.SET_VALUE on val_3 = 1.0
2026-08-08 10:02:11,845 [INFO] elou_avt.digital_twin: Action queued: ActionType.SET_VALUE on val_3 = 0.95
2026-08-08 10:02:11,845 INFO elou_avt.digital_twin: Action queued: ActionType.SET_VALUE on val_3 = 0.95
2026-08-08 10:02:11,864 [INFO] elou_avt.engine: Operator action: ActionType.SET_VALUE on val_3 = 0.95
2026-08-08 10:02:11,864 INFO elou_avt.engine: Operator action: ActionType.SET_VALUE on val_3 = 0.95
2026-08-08 10:02:30,643 [INFO] elou_avt.digital_twin: Action queued: ActionType.SET_VALUE on val_3 = 1.0
2026-08-08 10:02:30,643 INFO elou_avt.digital_twin: Action queued: ActionType.SET_VALUE on val_3 = 1.0
2026-08-08 10:02:30,653 [INFO] elou_avt.engine: Operator action: ActionType.SET_VALUE on val_3 = 1.0
2026-08-08 10:02:30,653 INFO elou_avt.engine: Operator action: ActionType.SET_VALUE on val_3 = 1.0
2026-08-08 10:03:05,608 [INFO] elou_avt.digital_twin: Action queued: ActionType.SET_VALUE on val_3 = 0.95
2026-08-08 10:03:05,608 INFO elou_avt.digital_twin: Action queued: ActionType.SET_VALUE on val_3 = 0.95
2026-08-08 10:03:05,619 [INFO] elou_avt.engine: Operator action: ActionType.SET_VALUE on val_3 = 0.95
2026-08-08 10:03:05,619 INFO elou_avt.engine: Operator action: ActionType.SET_VALUE on val_3 = 0.95
2026-08-08 10:04:42,257 [INFO] elou_avt.scheme: Scheme saved to D:\itcamp_git\it camp\elou_avt_twin\schemes\default.json (11 nodes, 10 edges).
2026-08-08 10:04:42,257 INFO elou_avt.scheme: Scheme saved to D:\itcamp_git\it camp\elou_avt_twin\schemes\default.json (11 nodes, 10 edges).
2026-08-08 10:04:42,362 [INFO] elou_avt.digital_twin: Simulation created.
2026-08-08 10:04:42,362 INFO elou_avt.digital_twin: Simulation created.
2026-08-08 10:04:42,422 [INFO] elou_avt.engine: Scheme updated: 11 nodes, 10 edges.
2026-08-08 10:04:42,422 INFO elou_avt.engine: Scheme updated: 11 nodes, 10 edges.
2026-08-08 10:04:42,432 [INFO] elou_avt.digital_twin: Scenario loaded: NORMAL_OPERATION — Нормальная работа (Rigorous)
2026-08-08 10:04:42,432 INFO elou_avt.digital_twin: Scenario loaded: NORMAL_OPERATION — Нормальная работа (Rigorous)
2026-08-08 10:04:42,444 [INFO] elou_avt.digital_twin: Simulation started.
2026-08-08 10:04:42,444 INFO elou_avt.digital_twin: Simulation started.
2026-08-08 10:04:51,680 [INFO] elou_avt.digital_twin: Action queued: ActionType.SET_VALUE on val_7 = 0.45
2026-08-08 10:04:51,680 INFO elou_avt.digital_twin: Action queued: ActionType.SET_VALUE on val_7 = 0.45
2026-08-08 10:04:51,691 [INFO] elou_avt.engine: Operator action: ActionType.SET_VALUE on val_7 = 0.45
2026-08-08 10:04:51,691 INFO elou_avt.engine: Operator action: ActionType.SET_VALUE on val_7 = 0.45
2026-08-08 10:05:11,967 [INFO] elou_avt.scheme: Scheme saved to D:\itcamp_git\it camp\elou_avt_twin\schemes\default.json (11 nodes, 10 edges).
2026-08-08 10:05:11,967 INFO elou_avt.scheme: Scheme saved to D:\itcamp_git\it camp\elou_avt_twin\schemes\default.json (11 nodes, 10 edges).
INFO:     127.0.0.1:56355 - "WebSocket /ws/simulation?token=eyJzdWIiOiJhZG1pbiIsImlhdCI6MTc4NjE2MzY2MiwiZXhwIjoxNzg2MTkyNDYyfQ.14bed2645a16fd6d3705039cd2a69c1507ef7a7c892b835323df36c8a5b8344b" [accepted]
INFO:     connection open
INFO:     127.0.0.1:56362 - "WebSocket /ws/simulation?token=eyJzdWIiOiJhZG1pbiIsImlhdCI6MTc4NjE2MzY2MiwiZXhwIjoxNzg2MTkyNDYyfQ.14bed2645a16fd6d3705039cd2a69c1507ef7a7c892b835323df36c8a5b8344b" [accepted]
INFO:     connection open
INFO:     127.0.0.1:56373 - "WebSocket /ws/simulation?token=eyJzdWIiOiJhZG1pbiIsImlhdCI6MTc4NjE2MzY2MiwiZXhwIjoxNzg2MTkyNDYyfQ.14bed2645a16fd6d3705039cd2a69c1507ef7a7c892b835323df36c8a5b8344b" [accepted]
INFO:     connection open
INFO:     127.0.0.1:63294 - "WebSocket /ws/simulation?token=eyJzdWIiOiJhZG1pbiIsImlhdCI6MTc4NjE2MzY2MiwiZXhwIjoxNzg2MTkyNDYyfQ.14bed2645a16fd6d3705039cd2a69c1507ef7a7c892b835323df36c8a5b8344b" [accepted]
INFO:     connection open
INFO:     127.0.0.1:63299 - "WebSocket /ws/simulation?token=eyJzdWIiOiJhZG1pbiIsImlhdCI6MTc4NjE2MzY2MiwiZXhwIjoxNzg2MTkyNDYyfQ.14bed2645a16fd6d3705039cd2a69c1507ef7a7c892b835323df36c8a5b8344b" [accepted]
INFO:     connection open
INFO:     127.0.0.1:63407 - "WebSocket /ws/simulation?token=eyJzdWIiOiJhZG1pbiIsImlhdCI6MTc4NjE2MzY2MiwiZXhwIjoxNzg2MTkyNDYyfQ.14bed2645a16fd6d3705039cd2a69c1507ef7a7c892b835323df36c8a5b8344b" [accepted]
INFO:     connection open
INFO:     127.0.0.1:63410 - "WebSocket /ws/simulation?token=eyJzdWIiOiJhZG1pbiIsImlhdCI6MTc4NjE2MzY2MiwiZXhwIjoxNzg2MTkyNDYyfQ.14bed2645a16fd6d3705039cd2a69c1507ef7a7c892b835323df36c8a5b8344b" [accepted]
INFO:     connection open
INFO:     127.0.0.1:63429 - "WebSocket /ws/simulation?token=eyJzdWIiOiJhZG1pbiIsImlhdCI6MTc4NjE2MzY2MiwiZXhwIjoxNzg2MTkyNDYyfQ.14bed2645a16fd6d3705039cd2a69c1507ef7a7c892b835323df36c8a5b8344b" [accepted]
INFO:     connection open
2026-08-08 11:57:53,259 [INFO] elou_avt.lms: LmsStore opened: D:\itcamp_git\it camp\elou_avt_twin\sessions.db
2026-08-08 11:57:53,259 INFO elou_avt.lms: LmsStore opened: D:\itcamp_git\it camp\elou_avt_twin\sessions.db
2026-08-08 11:57:53,260 [INFO] elou_avt.lms: LmsStore opened: D:\itcamp_git\it camp\elou_avt_twin\sessions.db
2026-08-08 11:57:53,260 INFO elou_avt.lms: LmsStore opened: D:\itcamp_git\it camp\elou_avt_twin\sessions.db
2026-08-08 11:57:53,266 [INFO] elou_avt.auth: AuthStore opened: D:\itcamp_git\it camp\elou_avt_twin\sessions.db
2026-08-08 11:57:53,266 INFO elou_avt.auth: AuthStore opened: D:\itcamp_git\it camp\elou_avt_twin\sessions.db
2026-08-08 11:57:53,268 [INFO] elou_avt.session_store: SessionStore opened: D:\itcamp_git\it camp\elou_avt_twin\sessions.db
2026-08-08 11:57:53,268 INFO elou_avt.session_store: SessionStore opened: D:\itcamp_git\it camp\elou_avt_twin\sessions.db
2026-08-08 11:57:53,269 [INFO] elou_avt.lms_content: LmsContentStore opened: D:\itcamp_git\it camp\elou_avt_twin\sessions.db
2026-08-08 11:57:53,269 INFO elou_avt.lms_content: LmsContentStore opened: D:\itcamp_git\it camp\elou_avt_twin\sessions.db
2026-08-08 11:57:53,276 [INFO] elou_avt.auth: AuthStore opened: D:\itcamp_git\it camp\elou_avt_twin\sessions.db
2026-08-08 11:57:53,276 INFO elou_avt.auth: AuthStore opened: D:\itcamp_git\it camp\elou_avt_twin\sessions.db
2026-08-08 11:57:53,277 [INFO] elou_avt.session_store: SessionStore opened: D:\itcamp_git\it camp\elou_avt_twin\sessions.db
2026-08-08 11:57:53,277 INFO elou_avt.session_store: SessionStore opened: D:\itcamp_git\it camp\elou_avt_twin\sessions.db
2026-08-08 11:57:53,277 [INFO] elou_avt.lms_content: LmsContentStore opened: D:\itcamp_git\it camp\elou_avt_twin\sessions.db
2026-08-08 11:57:53,277 INFO elou_avt.lms_content: LmsContentStore opened: D:\itcamp_git\it camp\elou_avt_twin\sessions.db
INFO:     127.0.0.1:63530 - "WebSocket /ws/simulation?token=eyJzdWIiOiJhZG1pbiIsImlhdCI6MTc4NjE2MzY2MiwiZXhwIjoxNzg2MTkyNDYyfQ.14bed2645a16fd6d3705039cd2a69c1507ef7a7c892b835323df36c8a5b8344b" [accepted]
INFO:     connection open
INFO:     127.0.0.1:63537 - "WebSocket /ws/simulation?token=eyJzdWIiOiJhZG1pbiIsImlhdCI6MTc4NjE2MzY2MiwiZXhwIjoxNzg2MTkyNDYyfQ.14bed2645a16fd6d3705039cd2a69c1507ef7a7c892b835323df36c8a5b8344b" [accepted]
INFO:     connection open
INFO:     127.0.0.1:63548 - "WebSocket /ws/simulation?token=eyJzdWIiOiJhZG1pbiIsImlhdCI6MTc4NjE2MzY2MiwiZXhwIjoxNzg2MTkyNDYyfQ.14bed2645a16fd6d3705039cd2a69c1507ef7a7c892b835323df36c8a5b8344b" [accepted]
INFO:     connection open
INFO:     127.0.0.1:63558 - "WebSocket /ws/simulation?token=eyJzdWIiOiJhZG1pbiIsImlhdCI6MTc4NjE2MzY2MiwiZXhwIjoxNzg2MTkyNDYyfQ.14bed2645a16fd6d3705039cd2a69c1507ef7a7c892b835323df36c8a5b8344b" [accepted]
INFO:     connection open
INFO:     127.0.0.1:64202 - "WebSocket /ws/simulation?token=eyJzdWIiOiJhZG1pbiIsImlhdCI6MTc4NjE2MzY2MiwiZXhwIjoxNzg2MTkyNDYyfQ.14bed2645a16fd6d3705039cd2a69c1507ef7a7c892b835323df36c8a5b8344b" [accepted]
INFO:     connection open
INFO:     127.0.0.1:64218 - "WebSocket /ws/simulation?token=eyJzdWIiOiJhZG1pbiIsImlhdCI6MTc4NjE2MzY2MiwiZXhwIjoxNzg2MTkyNDYyfQ.14bed2645a16fd6d3705039cd2a69c1507ef7a7c892b835323df36c8a5b8344b" [accepted]
INFO:     connection open
INFO:     127.0.0.1:64494 - "WebSocket /ws/simulation?token=eyJzdWIiOiJhZG1pbiIsImlhdCI6MTc4NjE2MzY2MiwiZXhwIjoxNzg2MTkyNDYyfQ.14bed2645a16fd6d3705039cd2a69c1507ef7a7c892b835323df36c8a5b8344b" [accepted]
INFO:     connection open
INFO:     127.0.0.1:64506 - "WebSocket /ws/simulation?token=eyJzdWIiOiJhZG1pbiIsImlhdCI6MTc4NjE2MzY2MiwiZXhwIjoxNzg2MTkyNDYyfQ.14bed2645a16fd6d3705039cd2a69c1507ef7a7c892b835323df36c8a5b8344b" [accepted]
INFO:     connection open
INFO:     127.0.0.1:64522 - "WebSocket /ws/simulation?token=eyJzdWIiOiJhZG1pbiIsImlhdCI6MTc4NjE2MzY2MiwiZXhwIjoxNzg2MTkyNDYyfQ.14bed2645a16fd6d3705039cd2a69c1507ef7a7c892b835323df36c8a5b8344b" [accepted]
INFO:     connection open
INFO:     127.0.0.1:52585 - "WebSocket /ws/simulation?token=eyJzdWIiOiJhZG1pbiIsImlhdCI6MTc4NjE2MzY2MiwiZXhwIjoxNzg2MTkyNDYyfQ.14bed2645a16fd6d3705039cd2a69c1507ef7a7c892b835323df36c8a5b8344b" [accepted]
INFO:     connection open
INFO:     127.0.0.1:52589 - "WebSocket /ws/simulation?token=eyJzdWIiOiJhZG1pbiIsImlhdCI6MTc4NjE2MzY2MiwiZXhwIjoxNzg2MTkyNDYyfQ.14bed2645a16fd6d3705039cd2a69c1507ef7a7c892b835323df36c8a5b8344b" [accepted]
INFO:     connection open
INFO:     127.0.0.1:52785 - "WebSocket /ws/simulation?token=eyJzdWIiOiJhZG1pbiIsImlhdCI6MTc4NjE2MzY2MiwiZXhwIjoxNzg2MTkyNDYyfQ.14bed2645a16fd6d3705039cd2a69c1507ef7a7c892b835323df36c8a5b8344b" [accepted]
INFO:     connection open
INFO:     127.0.0.1:52788 - "WebSocket /ws/simulation?token=eyJzdWIiOiJhZG1pbiIsImlhdCI6MTc4NjE2MzY2MiwiZXhwIjoxNzg2MTkyNDYyfQ.14bed2645a16fd6d3705039cd2a69c1507ef7a7c892b835323df36c8a5b8344b" [accepted]
INFO:     connection open
INFO:     127.0.0.1:52916 - "WebSocket /ws/simulation?token=eyJzdWIiOiJhZG1pbiIsImlhdCI6MTc4NjE2MzY2MiwiZXhwIjoxNzg2MTkyNDYyfQ.14bed2645a16fd6d3705039cd2a69c1507ef7a7c892b835323df36c8a5b8344b" [accepted]
INFO:     connection open
INFO:     127.0.0.1:52925 - "WebSocket /ws/simulation?token=eyJzdWIiOiJhZG1pbiIsImlhdCI6MTc4NjE2MzY2MiwiZXhwIjoxNzg2MTkyNDYyfQ.14bed2645a16fd6d3705039cd2a69c1507ef7a7c892b835323df36c8a5b8344b" [accepted]
INFO:     connection open
INFO:     127.0.0.1:52995 - "WebSocket /ws/simulation?token=eyJzdWIiOiJhZG1pbiIsImlhdCI6MTc4NjE2MzY2MiwiZXhwIjoxNzg2MTkyNDYyfQ.14bed2645a16fd6d3705039cd2a69c1507ef7a7c892b835323df36c8a5b8344b" [accepted]
INFO:     connection open
